[keshilliveterinar.com/index.html]
[backblue.gif]
[fade.gif]
[index.html]
[keshilliveterinar.com/wp-includes/js/jquery/jquery4a5f.js]
[keshilliveterinar.com/feed/index.html]
[keshilliveterinar.com/comments/feed/index.html]
[keshilliveterinar.com/xmlrpc0db0.php]
[keshilliveterinar.com/wp-json/index.html]
[keshilliveterinar.com/wp-includes/wlwmanifest.xml]
[keshilliveterinar.com/wp-json/oembed/1.0/embed8018.json]
[keshilliveterinar.com/wp-json/oembed/1.0/embedf769]
[keshilliveterinar.com/wp-content/cache/autoptimize/js/autoptimize_02d4265ed1b9a430418994e589934053.js]
[keshilliveterinar.com/wp-content/uploads/2019/06/cropped-stema.png]
[cdn.shortpixel.ai/client/q_lqip,ret_wait,w_275,h_237/https_/keshilliveterinar.com/wp-content/uploads/2019/06/cropped-stema.png]
[keshilliveterinar.com/ligji-per-ushqimin/index.html]
[keshilliveterinar.com/per-sherbimin-veterinar-ne-republiken-e-shqiperise/index.html]
[keshilliveterinar.com/revistat/index.html]
[keshilliveterinar.com/urdhri-profesional-i-mjekut-veterinar-te-shqiperise/index.html]
[keshilliveterinar.com/per-profesionet-e-rregulluara-ne-republiken-e-shqiperise/index.html]
[keshilliveterinar.com/komisionet-e-urdhrit-te-mjekut-veterinar/index.html]
[keshilliveterinar.com/galeria/index.html]
[keshilliveterinar.com/wp-content/uploads/2019/06/instituti.d.delayed]
[keshilliveterinar.com/kursi-i-2-i-farmacise-shtator-tetor-2018/index.html]
[keshilliveterinar.com/kursi-i-1-farmacise-korrik-gusht-2018/index.html]
[keshilliveterinar.com/trajnimet-vjetor-qershor-2018/index.html]
[cdn.shortpixel.ai/client/q_lqip,ret_wait/https_/keshilliveterinar.com/wp-content/uploads/2019/06/instituti.e.delayed]
[keshilliveterinar.com/trajnimi-i-farmacise-2018/index.html]
[keshilliveterinar.com/trajnimi-i-insiminimit-lushnje-fier-tirane-elbasan-lezhe-2018/index.html]
[keshilliveterinar.com/trajnimi-veteriner-i-autorizuar-2018/index.html]
[keshilliveterinar.com/trajnimi-i-kafsheve-te-vogla-me-turkun26-05-2018/index.html]
[keshilliveterinar.com/trajnimet-shtes-2017/index.html]
[keshilliveterinar.com/dekorata/index.html]
[keshilliveterinar.com/veterinaria/index.html]
[keshilliveterinar.com/te-ushqyerit-e-kafsheve/index.html]
[keshilliveterinar.com/wp-content/themes/pet-care-clinic/images/titleicon.jpg]
[keshilliveterinar.com/lindja-dhe-ecuria-e-mjeksise-veterinare-1900-1944-pjesa-e-pare/index.html]
[keshilliveterinar.com/lindja-dhe-ecuria-e-mjeksise-veterinare-1900-1944-pjesa-e-dyte/index.html]
[keshilliveterinar.com/voto/index.html]
[cdn.shortpixel.ai/client/q_lqip,ret_wait/https_/keshilliveterinar.com/wp-content/themes/pet-care-clinic/images/titleicon.13.delayed]
[keshilliveterinar.com/slider-one/slider/index.html]
[keshilliveterinar.com/slider-one/the-professional-veterinary-order-of-albania/index.html]
[keshilliveterinar.com/2020/05/11/kodi-i-etikes-profesionale/index.html]
[keshilliveterinar.com/wp-content/uploads/2019/06/unnamed-1024x768.jpg]
[keshilliveterinar.com/2020/05/11/statuti-i-urdhrit-profesional-te-mjekut-veterinar-te-shqiperise-2/index.html]
[keshilliveterinar.com/2020/05/11/keshilli-veterinar-shqiptar-2/index.html]
[keshilliveterinar.com/2019/06/24/urdhri-profesional-i-mjekut-veterinar-shqiptar-antar-i-federates-veterinare-europiane-fve/index.html]
[keshilliveterinar.com/wp-content/uploads/2019/06/kapaku-rev-nr-2-2018.jpg]
[cdn.shortpixel.ai/client/q_lqip,ret_wait/https_/keshilliveterinar.com/wp-content/uploads/2019/06/kapaku-rev-nr-2-2018.jpg]
[cdn.shortpixel.ai/client/q_lqip,ret_wait/https_/keshilliveterinar.com/wp-content/uploads/2019/06/kapaku-rev-nr-2-2018.jpg]
[keshilliveterinar.com/wp-content/uploads/2019/06/fve.png]
[cdn.shortpixel.ai/client/q_lqip,ret_wait/https_/keshilliveterinar.com/wp-content/uploads/2019/06/fve.png]
[keshilliveterinar.com/wp-content/uploads/2019/06/partneret-1.png]
[keshilliveterinar.com/wp-content/plugins/contact-form-7/includes/js/scripts6725.js]
[keshilliveterinar.com/wp-content/themes/pet-care-clinic/inc/js/bootstrap7984.js]
[keshilliveterinar.com/wp-content/themes/pet-care-clinic/inc/js/jquery.TMstickmenu8a54.js]
[keshilliveterinar.com/wp-content/themes/pet-care-clinic/inc/js/jquery.carouFredSel-6.2.1-packedf731.js]
[keshilliveterinar.com/wp-content/themes/pet-care-clinic/inc/js/wow8a54.js]
[keshilliveterinar.com/wp-content/themes/pet-care-clinic/inc/js/jquery.nivo.slidera7f4.js]
[keshilliveterinar.com/wp-content/themes/pet-care-clinic/inc/js/jquery.fancybox.packd63f.js]
[keshilliveterinar.com/wp-content/themes/pet-care-clinic/inc/js/jquery.superfishd63f.js]
[keshilliveterinar.com/wp-content/themes/pet-care-clinic/inc/js/pet-care-clinic-script8a54.js]
[keshilliveterinar.com/wp-includes/js/wp-embed.min7661.js]
[keshilliveterinar.com/wp-content/plugins/autoptimize/classes/external/js/lazysizes.min0ded.js]
[keshilliveterinar.com/index.html]
[keshilliveterinar.com/xmlrpc.php]
[keshilliveterinar.com/wp-content/plugins/contact-form-7/images/ajax-loader.gif]
[keshilliveterinar.com/wp-content/themes/pet-care-clinic/inc/webfonts/fa-brands-400.eot]
[keshilliveterinar.com/wp-content/themes/pet-care-clinic/images/fancybox_sprite.png]
[cdn.shortpixel.ai/client/q_glossy,ret_img/https_/keshilliveterinar.com/wp-content/themes/pet-care-clinic/images/slide-nav.png]
[keshilliveterinar.com/wp-content/themes/pet-care-clinic/images/slide-nav.png]
[keshilliveterinar.com/wp-content/cache/autoptimize/css/autoptimize_cf1efec499ddbf35e8322b333d2de31a.css]
[keshilliveterinar.com/wp-json/oembed/1.0/embedb8c3.json]
[keshilliveterinar.com/wp-json/oembed/1.0/embed6446]
[cdn.shortpixel.ai/client/q_lqip,ret_wait,w_275,h_237/https_/keshilliveterinar.com/wp-content/uploads/2019/06/cropped-stema.png]
[cdn.shortpixel.ai/client/q_lqip,ret_wait/https_/keshilliveterinar.com/wp-content/uploads/2019/06/kapaku-rev-nr-2-2018.jpg]
[cdn.shortpixel.ai/client/q_lqip,ret_wait/https_/keshilliveterinar.com/wp-content/uploads/2019/06/kapaku-rev-nr-2-2018.jpg]
[keshilliveterinar.com/revistat/index.html]
[keshilliveterinar.com/wp-json/oembed/1.0/embedd089.json]
[keshilliveterinar.com/wp-json/oembed/1.0/embed01e6]
[cdn.shortpixel.ai/client/q_lqip,ret_wait,w_275,h_237/https_/keshilliveterinar.com/wp-content/uploads/2019/06/cropped-stema.png]
[keshilliveterinar.com/ligji-per-ushqimin/index.html]
[keshilliveterinar.com/wp-json/oembed/1.0/embeddf55.json]
[keshilliveterinar.com/wp-json/oembed/1.0/embedc831]
[cdn.shortpixel.ai/client/q_lqip,ret_wait,w_275,h_237/https_/keshilliveterinar.com/wp-content/uploads/2019/06/cropped-stema.png]
[keshilliveterinar.com/urdhri-profesional-i-mjekut-veterinar-te-shqiperise/index.html]
[keshilliveterinar.com/wp-json/oembed/1.0/embed42ff.json]
[keshilliveterinar.com/wp-json/oembed/1.0/embed5902]
[cdn.shortpixel.ai/client/q_lqip,ret_wait,w_275,h_237/https_/keshilliveterinar.com/wp-content/uploads/2019/06/cropped-stema.png]
[keshilliveterinar.com/per-sherbimin-veterinar-ne-republiken-e-shqiperise/index.html]
[keshilliveterinar.com/wp-json/oembed/1.0/embedb5cb.json]
[keshilliveterinar.com/wp-json/oembed/1.0/embed89c3]
[cdn.shortpixel.ai/client/q_lqip,ret_wait,w_275,h_237/https_/keshilliveterinar.com/wp-content/uploads/2019/06/cropped-stema.png]
[keshilliveterinar.com/per-profesionet-e-rregulluara-ne-republiken-e-shqiperise/index.html]
[keshilliveterinar.com/wp-json/oembed/1.0/embed9abd.json]
[keshilliveterinar.com/wp-json/oembed/1.0/embed7b7c]
[cdn.shortpixel.ai/client/q_lqip,ret_wait,w_275,h_237/https_/keshilliveterinar.com/wp-content/uploads/2019/06/cropped-stema.png]
[keshilliveterinar.com/komisionet-e-urdhrit-te-mjekut-veterinar/index.html]
[keshilliveterinar.com/wp-json/oembed/1.0/embedc991.json]
[keshilliveterinar.com/wp-json/oembed/1.0/embed1367]
[cdn.shortpixel.ai/client/q_lqip,ret_wait,w_275,h_237/https_/keshilliveterinar.com/wp-content/uploads/2019/06/cropped-stema.png]
[keshilliveterinar.com/wp-content/uploads/2019/06/56696892_272292576984287_1920500918533488640_n-1024x768.jpg]
[keshilliveterinar.com/wp-content/uploads/2019/06/56744657_2202823813134583_429420313541869568_n-1024x768.jpg]
[keshilliveterinar.com/wp-content/uploads/2019/06/56749235_325635938136421_3190186263042850816_n-1024x768.jpg]
[keshilliveterinar.com/wp-content/uploads/2019/06/56800761_275724533336479_4505799741547741184_n-1024x768.jpg]
[keshilliveterinar.com/wp-content/uploads/2019/06/56817442_454625725078991_4877738549262155776_n-1024x768.jpg]
[keshilliveterinar.com/wp-content/uploads/2019/06/56857512_276157926656696_1530527826611011584_n.jpg]
[keshilliveterinar.com/wp-content/uploads/2019/06/56857583_1469669119873603_6728345223014907904_n.jpg]
[keshilliveterinar.com/wp-content/uploads/2019/06/57088295_763378330722845_8208725140326842368_n-1-1024x768.jpg]
[keshilliveterinar.com/wp-content/uploads/2019/06/57088295_763378330722845_8208725140326842368_n-1024x768.jpg]
[keshilliveterinar.com/galeria/index.html]
[keshilliveterinar.com/wp-json/oembed/1.0/embedf99d.json]
[keshilliveterinar.com/wp-json/oembed/1.0/embed5028]
[cdn.shortpixel.ai/client/q_lqip,ret_wait,w_275,h_237/https_/keshilliveterinar.com/wp-content/uploads/2019/06/cropped-stema.png]
[keshilliveterinar.com/wp-content/uploads/2019/06/1.jpg]
[keshilliveterinar.com/wp-content/uploads/2019/06/5.jpg]
[keshilliveterinar.com/wp-content/uploads/2019/06/22.jpg]
[keshilliveterinar.com/wp-content/uploads/2019/06/33.jpg]
[keshilliveterinar.com/wp-content/uploads/2019/06/44-768x1024.jpg]
[keshilliveterinar.com/wp-content/uploads/2019/06/66.jpg]
[keshilliveterinar.com/wp-content/uploads/2019/06/77.jpg]
[keshilliveterinar.com/wp-content/uploads/2019/06/88-768x1024.jpg]
[keshilliveterinar.com/wp-content/uploads/2019/06/99-768x1024.jpg]
[keshilliveterinar.com/wp-content/uploads/2019/06/111.jpg]
[keshilliveterinar.com/wp-content/uploads/2019/06/333-768x1024.jpg]
[keshilliveterinar.com/kursi-i-1-farmacise-korrik-gusht-2018/index.html]
[keshilliveterinar.com/wp-json/oembed/1.0/embedd43a.json]
[keshilliveterinar.com/wp-json/oembed/1.0/embedd9f4]
[cdn.shortpixel.ai/client/q_lqip,ret_wait,w_275,h_237/https_/keshilliveterinar.com/wp-content/uploads/2019/06/cropped-stema.png]
[keshilliveterinar.com/wp-content/uploads/2019/06/1-1.jpg]
[keshilliveterinar.com/wp-content/uploads/2019/06/2-1.jpg]
[keshilliveterinar.com/wp-content/uploads/2019/06/3-1.jpg]
[keshilliveterinar.com/wp-content/uploads/2019/06/4-1.jpg]
[keshilliveterinar.com/wp-content/uploads/2019/06/5-1.jpg]
[keshilliveterinar.com/wp-content/uploads/2019/06/6-1.jpg]
[keshilliveterinar.com/kursi-i-2-i-farmacise-shtator-tetor-2018/index.html]
[keshilliveterinar.com/wp-json/oembed/1.0/embedfd03.json]
[keshilliveterinar.com/trajnimet-vjetor-qershor-2018/feed/index.html]
[keshilliveterinar.com/wp-json/oembed/1.0/embedc319]
[cdn.shortpixel.ai/client/q_lqip,ret_wait,w_275,h_237/https_/keshilliveterinar.com/wp-content/uploads/2019/06/cropped-stema.png]
[keshilliveterinar.com/wp-content/uploads/2019/06/1-2.jpg]
[keshilliveterinar.com/wp-content/uploads/2019/06/2-2.jpg]
[keshilliveterinar.com/wp-content/uploads/2019/06/3-2.jpg]
[keshilliveterinar.com/wp-content/uploads/2019/06/4-2.jpg]
[keshilliveterinar.com/wp-content/uploads/2019/06/5-2.jpg]
[keshilliveterinar.com/wp-content/uploads/2019/06/6-2.jpg]
[keshilliveterinar.com/wp-content/uploads/2019/06/7-1.jpg]
[keshilliveterinar.com/wp-content/uploads/2019/06/8.jpg]
[keshilliveterinar.com/wp-content/uploads/2019/06/11-1-768x1024.jpg]
[keshilliveterinar.com/wp-content/uploads/2019/06/22-1-768x1024.jpg]
[keshilliveterinar.com/wp-content/uploads/2019/06/33-1.jpg]
[keshilliveterinar.com/wp-content/uploads/2019/06/44-1.jpg]
[keshilliveterinar.com/wp-content/uploads/2019/06/55-1.jpg]
[keshilliveterinar.com/wp-content/uploads/2019/06/666.jpg]
[keshilliveterinar.com/wp-content/uploads/2019/06/777.jpg]
[keshilliveterinar.com/wp-content/uploads/2019/06/888.jpg]
[keshilliveterinar.com/wp-content/uploads/2019/06/Diber-3.jpg]
[keshilliveterinar.com/wp-content/uploads/2019/06/Diber1.jpg]
[keshilliveterinar.com/wp-content/uploads/2019/06/Diber2.jpg]
[keshilliveterinar.com/wp-content/uploads/2019/06/fier1.jpg]
[keshilliveterinar.com/wp-content/uploads/2019/06/fier2.jpg]
[keshilliveterinar.com/wp-content/uploads/2019/06/Fier3.jpg]
[keshilliveterinar.com/wp-content/uploads/2019/06/gjk1.jpg]
[keshilliveterinar.com/wp-content/uploads/2019/06/gjk2.jpg]
[keshilliveterinar.com/wp-includes/js/comment-reply.min7661.js]
[keshilliveterinar.com/trajnimet-vjetor-qershor-2018/index.html]
[keshilliveterinar.com/wp-json/oembed/1.0/embedf30f.json]
[keshilliveterinar.com/wp-json/oembed/1.0/embeda3d9]
[cdn.shortpixel.ai/client/q_lqip,ret_wait,w_275,h_237/https_/keshilliveterinar.com/wp-content/uploads/2019/06/cropped-stema.png]
[keshilliveterinar.com/wp-content/uploads/2019/06/1-3.jpg]
[keshilliveterinar.com/wp-content/uploads/2019/06/2-3.jpg]
[keshilliveterinar.com/wp-content/uploads/2019/06/3-3.jpg]
[keshilliveterinar.com/wp-content/uploads/2019/06/4-3.jpg]
[keshilliveterinar.com/wp-content/uploads/2019/06/5-3.jpg]
[keshilliveterinar.com/wp-content/uploads/2019/06/6-3.jpg]
[keshilliveterinar.com/trajnimi-i-farmacise-2018/index.html]
[keshilliveterinar.com/trajnimi-i-insiminimit-lushnje-fier-tirane-elbasan-lezhe-2018/feed/index.html]
[keshilliveterinar.com/wp-json/oembed/1.0/embedc836.json]
[keshilliveterinar.com/wp-json/oembed/1.0/embedafb4]
[cdn.shortpixel.ai/client/q_lqip,ret_wait,w_275,h_237/https_/keshilliveterinar.com/wp-content/uploads/2019/06/cropped-stema.png]
[keshilliveterinar.com/wp-content/uploads/2019/06/1-4.jpg]
[keshilliveterinar.com/wp-content/uploads/2019/06/2-4.jpg]
[keshilliveterinar.com/wp-content/uploads/2019/06/3-4.jpg]
[keshilliveterinar.com/wp-content/uploads/2019/06/4-4.jpg]
[keshilliveterinar.com/wp-content/uploads/2019/06/5-4.jpg]
[keshilliveterinar.com/wp-content/uploads/2019/06/6-4.jpg]
[keshilliveterinar.com/wp-content/uploads/2019/06/7-2.jpg]
[keshilliveterinar.com/wp-content/uploads/2019/06/8-1.jpg]
[keshilliveterinar.com/wp-content/uploads/2019/06/9-2.jpg]
[keshilliveterinar.com/wp-content/uploads/2019/06/22-2.jpg]
[keshilliveterinar.com/wp-content/uploads/2019/06/33-2.jpg]
[keshilliveterinar.com/wp-content/uploads/2019/06/44-2.jpg]
[keshilliveterinar.com/wp-content/uploads/2019/06/55-2.jpg]
[keshilliveterinar.com/wp-content/uploads/2019/06/77-1.jpg]
[keshilliveterinar.com/wp-content/uploads/2019/06/1111.jpg]
[keshilliveterinar.com/wp-content/uploads/2019/06/2222.jpg]
[keshilliveterinar.com/wp-content/uploads/2019/06/3333.jpg]
[keshilliveterinar.com/trajnimi-i-insiminimit-lushnje-fier-tirane-elbasan-lezhe-2018/index.html]
[keshilliveterinar.com/wp-json/oembed/1.0/embed322d.json]
[keshilliveterinar.com/wp-json/oembed/1.0/embed9219]
[use.fontawesome.com/releases/v5.3.1/css/v4-shims7661.css]
[use.fontawesome.com/releases/v5.3.1/css/all7661.css]
[cdn.shortpixel.ai/client/q_lqip,ret_wait,w_275,h_237/https_/keshilliveterinar.com/wp-content/uploads/2019/06/cropped-stema.png]
[keshilliveterinar.com/wp-content/gallery/trajnimi-i-kafsheve-te-vogla-me-turkun26-05-2018/1.jpg]
[keshilliveterinar.com/wp-content/gallery/trajnimi-i-kafsheve-te-vogla-me-turkun26-05-2018/thumbs/thumbs_1.jpg]
[keshilliveterinar.com/wp-content/plugins/nextgen-gallery/products/photocrati_nextgen/modules/ajax/static/ajax.min46df.js]
[keshilliveterinar.com/trajnimi-i-kafsheve-te-vogla-me-turkun26-05-2018/nggallery/image/4-1/index.html]
[keshilliveterinar.com/trajnimi-i-kafsheve-te-vogla-me-turkun26-05-2018/nggallery/image/2-1/index.html]
[keshilliveterinar.com/wp-content/plugins/nextgen-gallery/products/photocrati_nextgen/modules/nextgen_gallery_display/static/common46df.js]
[keshilliveterinar.com/wp-content/plugins/nextgen-gallery/products/photocrati_nextgen/modules/lightbox/static/lightbox_context46df.js]
[keshilliveterinar.com/wp-content/plugins/nextgen-gallery/products/photocrati_nextgen/modules/lightbox/static/simplelightbox/simple-lightbox46df.js]
[keshilliveterinar.com/wp-content/plugins/nextgen-gallery/products/photocrati_nextgen/modules/lightbox/static/simplelightbox/nextgen_simple_lightbox_init46df.js]
[keshilliveterinar.com/wp-content/plugins/nextgen-gallery/products/photocrati_nextgen/modules/nextgen_basic_imagebrowser/static/imagebrowser46df.js]
[keshilliveterinar.com/trajnimi-i-kafsheve-te-vogla-me-turkun26-05-2018/index.html]
[keshilliveterinar.com/wp-json/oembed/1.0/embed33c3.json]
[keshilliveterinar.com/wp-json/oembed/1.0/embed8e33]
[cdn.shortpixel.ai/client/q_lqip,ret_wait,w_275,h_237/https_/keshilliveterinar.com/wp-content/uploads/2019/06/cropped-stema.png]
[keshilliveterinar.com/wp-content/uploads/2019/06/1-5.jpg]
[keshilliveterinar.com/wp-content/uploads/2019/06/2-5.jpg]
[keshilliveterinar.com/wp-content/uploads/2019/06/3-5.jpg]
[keshilliveterinar.com/wp-content/uploads/2019/06/4-5.jpg]
[keshilliveterinar.com/wp-content/uploads/2019/06/5-5.jpg]
[keshilliveterinar.com/wp-content/uploads/2019/06/6-5.jpg]
[keshilliveterinar.com/wp-content/uploads/2019/06/7-3.jpg]
[keshilliveterinar.com/wp-content/uploads/2019/06/8-2.jpg]
[keshilliveterinar.com/wp-content/uploads/2019/06/9-3.jpg]
[keshilliveterinar.com/wp-content/uploads/2019/06/55-3.jpg]
[keshilliveterinar.com/trajnimi-veteriner-i-autorizuar-2018/index.html]
[keshilliveterinar.com/wp-json/oembed/1.0/embedde33.json]
[keshilliveterinar.com/wp-json/oembed/1.0/embed1d2a]
[cdn.shortpixel.ai/client/q_lqip,ret_wait,w_275,h_237/https_/keshilliveterinar.com/wp-content/uploads/2019/06/cropped-stema.png]
[keshilliveterinar.com/wp-content/uploads/2019/06/1-6.jpg]
[keshilliveterinar.com/wp-content/uploads/2019/06/2-6.jpg]
[keshilliveterinar.com/wp-content/uploads/2019/06/3-6.jpg]
[keshilliveterinar.com/wp-content/uploads/2019/06/4-6.jpg]
[keshilliveterinar.com/wp-content/uploads/2019/06/5-6.jpg]
[keshilliveterinar.com/wp-content/uploads/2019/06/6-6.jpg]
[keshilliveterinar.com/wp-content/uploads/2019/06/7-4.jpg]
[keshilliveterinar.com/wp-content/uploads/2019/06/8-3.jpg]
[keshilliveterinar.com/wp-content/uploads/2019/06/09.jpg]
[keshilliveterinar.com/wp-content/uploads/2019/06/9-4.jpg]
[keshilliveterinar.com/wp-content/uploads/2019/06/11-2.jpg]
[keshilliveterinar.com/wp-content/uploads/2019/06/22-3.jpg]
[keshilliveterinar.com/wp-content/uploads/2019/06/33-3.jpg]
[keshilliveterinar.com/wp-content/uploads/2019/06/44-3.jpg]
[keshilliveterinar.com/wp-content/uploads/2019/06/66-1.jpg]
[keshilliveterinar.com/trajnimet-shtes-2017/index.html]
[cdn.shortpixel.ai/client/q_lqip,ret_wait,w_275,h_237/https_/keshilliveterinar.com/wp-content/uploads/2019/06/cropped-stema.png]
[keshilliveterinar.com/wp-login.html]
[keshilliveterinar.com/dekorata/index.html]
[cdn.shortpixel.ai/client/q_lqip,ret_wait,w_275,h_237/https_/keshilliveterinar.com/wp-content/uploads/2019/06/cropped-stema.png]
[keshilliveterinar.com/veterinaria/index.html]
[keshilliveterinar.com/2020/05/index.html]
[keshilliveterinar.com/2020/02/index.html]
[keshilliveterinar.com/2019/06/index.html]
[keshilliveterinar.com/2020/02/07/fve-working-group-food-safety-and-sustainability-2020-2022-terms-of-reference/index.html]
[keshilliveterinar.com/wp-json/oembed/1.0/embedeecf.json]
[keshilliveterinar.com/wp-json/oembed/1.0/embedff19]
[cdn.shortpixel.ai/client/q_lqip,ret_wait,w_275,h_237/https_/keshilliveterinar.com/wp-content/uploads/2019/06/cropped-stema.png]
[keshilliveterinar.com/te-ushqyerit-e-kafsheve/index.html]
[keshilliveterinar.com/wp-json/oembed/1.0/embed2ee6.json]
[keshilliveterinar.com/wp-json/oembed/1.0/embedf094]
[cdn.shortpixel.ai/client/q_lqip,ret_wait,w_275,h_237/https_/keshilliveterinar.com/wp-content/uploads/2019/06/cropped-stema.png]
[keshilliveterinar.com/lindja-dhe-ecuria-e-mjeksise-veterinare-1900-1944-pjesa-e-pare/index.html]
[keshilliveterinar.com/wp-json/oembed/1.0/embedec50.json]
[keshilliveterinar.com/wp-json/oembed/1.0/embed5487]
[cdn.shortpixel.ai/client/q_lqip,ret_wait,w_275,h_237/https_/keshilliveterinar.com/wp-content/uploads/2019/06/cropped-stema.png]
[keshilliveterinar.com/lindja-dhe-ecuria-e-mjeksise-veterinare-1900-1944-pjesa-e-dyte/index.html]
[keshilliveterinar.com/wp-json/oembed/1.0/embed70c7.json]
[keshilliveterinar.com/wp-json/oembed/1.0/embed82ea]
[cdn.shortpixel.ai/client/q_lqip,ret_wait,w_275,h_237/https_/keshilliveterinar.com/wp-content/uploads/2019/06/cropped-stema.png]
[keshilliveterinar.com/voto/index.html]
[keshilliveterinar.com/wp-json/oembed/1.0/embedb335.json]
[keshilliveterinar.com/wp-json/oembed/1.0/embedff5e]
[cdn.shortpixel.ai/client/q_lqip,ret_wait,w_275,h_237/https_/keshilliveterinar.com/wp-content/uploads/2019/06/cropped-stema.png]
[keshilliveterinar.com/slider-one/slider/index.html]
[keshilliveterinar.com/wp-json/oembed/1.0/embed0ecf.json]
[keshilliveterinar.com/wp-json/oembed/1.0/embed7a93]
[cdn.shortpixel.ai/client/q_lqip,ret_wait,w_275,h_237/https_/keshilliveterinar.com/wp-content/uploads/2019/06/cropped-stema.png]
[keshilliveterinar.com/slider-one/the-professional-veterinary-order-of-albania/index.html]
[keshilliveterinar.com/wp-json/oembed/1.0/embedaf59.json]
[keshilliveterinar.com/2020/05/11/kodi-i-etikes-profesionale/feed/index.html]
[keshilliveterinar.com/wp-json/oembed/1.0/embed8775]
[cdn.shortpixel.ai/client/q_lqip,ret_wait,w_275,h_237/https_/keshilliveterinar.com/wp-content/uploads/2019/06/cropped-stema.png]
[keshilliveterinar.com/wp-content/uploads/2019/06/KODI-I-ETIKES-i-ndryshuar-arshive-1.doc]
[keshilliveterinar.com/2020/05/11/kodi-i-etikes-profesionale/index.html]
[keshilliveterinar.com/2020/05/11/keshilli-veterinar-shqiptar-2/feed/index.html]
[keshilliveterinar.com/wp-json/oembed/1.0/embedc9d3.json]
[keshilliveterinar.com/wp-json/oembed/1.0/embed93f9]
[cdn.shortpixel.ai/client/q_lqip,ret_wait,w_275,h_237/https_/keshilliveterinar.com/wp-content/uploads/2019/06/cropped-stema.png]
[keshilliveterinar.com/2020/05/11/keshilli-veterinar-shqiptar-2/index.html]
[keshilliveterinar.com/wp-json/oembed/1.0/embedf5a9.json]
[keshilliveterinar.com/2020/05/11/statuti-i-urdhrit-profesional-te-mjekut-veterinar-te-shqiperise-2/feed/index.html]
[keshilliveterinar.com/wp-json/oembed/1.0/embed70db]
[cdn.shortpixel.ai/client/q_lqip,ret_wait,w_275,h_237/https_/keshilliveterinar.com/wp-content/uploads/2019/06/cropped-stema.png]
[keshilliveterinar.com/2020/05/11/statuti-i-urdhrit-profesional-te-mjekut-veterinar-te-shqiperise-2/index.html]
[keshilliveterinar.com/wp-json/oembed/1.0/embeda2d5.json]
[keshilliveterinar.com/2019/06/24/urdhri-profesional-i-mjekut-veterinar-shqiptar-antar-i-federates-veterinare-europiane-fve/feed/index.html]
[keshilliveterinar.com/wp-json/oembed/1.0/embed291d]
[cdn.shortpixel.ai/client/q_lqip,ret_wait,w_275,h_237/https_/keshilliveterinar.com/wp-content/uploads/2019/06/cropped-stema.png]
[keshilliveterinar.com/wp-content/uploads/2019/06/022-FVE-GA-2019-Bratislava_report_rev.pdf]
[keshilliveterinar.com/2019/06/24/urdhri-profesional-i-mjekut-veterinar-shqiptar-antar-i-federates-veterinare-europiane-fve/index.html]
[keshilliveterinar.com/wp-content/cache/autoptimize/css/autoptimize_bbb8d79df205263faace2b793e4bf7cb.css]
[keshilliveterinar.com/index65d2.html]
[keshilliveterinar.com/index421d.html]
[keshilliveterinar.com/index8bc8.html]
[keshilliveterinar.com/index43b2.html]
[keshilliveterinar.com/index8af0.html]
[keshilliveterinar.com/index7ab1.html]
[keshilliveterinar.com/indexec4a.html]
[keshilliveterinar.com/index9e8b.html]
[keshilliveterinar.com/indexe4c6.html]
[keshilliveterinar.com/index50f6.html]
[keshilliveterinar.com/indexcf9a.html]
[keshilliveterinar.com/indexb773.html]
[keshilliveterinar.com/indexdd01.html]
[keshilliveterinar.com/wp-content/plugins/nextgen-gallery/products/photocrati_nextgen/modules/nextgen_gallery_display/static/trigger_buttons46df.css]
[keshilliveterinar.com/wp-content/plugins/nextgen-gallery/products/photocrati_nextgen/modules/lightbox/static/simplelightbox/simplelightbox46df.css]
[use.fontawesome.com/releases/v5.3.1/css/v4-shims7661.css]
[use.fontawesome.com/releases/v5.3.1/css/all7661.css]
[keshilliveterinar.com/wp-content/plugins/nextgen-gallery/products/photocrati_nextgen/modules/nextgen_basic_imagebrowser/static/style46df.css]
[keshilliveterinar.com/wp-content/plugins/nextgen-gallery/products/photocrati_nextgen/modules/ngglegacy/css/nggallery46df.css]
[cdn.shortpixel.ai/client/q_lqip,ret_wait,w_275,h_237/https_/keshilliveterinar.com/wp-content/uploads/2019/06/cropped-stema.png]
[keshilliveterinar.com/wp-content/gallery/trajnimi-i-kafsheve-te-vogla-me-turkun26-05-2018/4.jpg]
[keshilliveterinar.com/wp-content/gallery/trajnimi-i-kafsheve-te-vogla-me-turkun26-05-2018/thumbs/thumbs_4.jpg]
[keshilliveterinar.com/trajnimi-i-kafsheve-te-vogla-me-turkun26-05-2018/nggallery/image/4-1/index.html]
[cdn.shortpixel.ai/client/q_lqip,ret_wait,w_275,h_237/https_/keshilliveterinar.com/wp-content/uploads/2019/06/cropped-stema.png]
[keshilliveterinar.com/trajnimi-i-kafsheve-te-vogla-me-turkun26-05-2018/nggallery/image/3-1/index.html]
[keshilliveterinar.com/trajnimi-i-kafsheve-te-vogla-me-turkun26-05-2018/nggallery/image/1-1/index.html]
[keshilliveterinar.com/wp-content/gallery/trajnimi-i-kafsheve-te-vogla-me-turkun26-05-2018/2.jpg]
[keshilliveterinar.com/wp-content/gallery/trajnimi-i-kafsheve-te-vogla-me-turkun26-05-2018/thumbs/thumbs_2.jpg]
[keshilliveterinar.com/trajnimi-i-kafsheve-te-vogla-me-turkun26-05-2018/nggallery/image/2-1/index.html]
[keshilliveterinar.com/index8844.html]
[keshilliveterinar.com/indexc9bf.html]
[keshilliveterinar.com/category/dekorata/feed/index.html]
[use.fontawesome.com/releases/v5.3.1/js/v4-shims7923.js]
[use.fontawesome.com/releases/v5.3.1/js/all7923.js]
[keshilliveterinar.com/2020/02/07/fve-working-group-food-safety-and-sustainability-2020-2022-terms-of-reference/feed/index.html]
[keshilliveterinar.com/wp-json/oembed/1.0/embed6b8a.json]
[keshilliveterinar.com/wp-json/oembed/1.0/embed79e8]
[cdn.shortpixel.ai/client/q_lqip,ret_wait,w_275,h_237/https_/keshilliveterinar.com/wp-content/uploads/2019/06/cropped-stema.png]
[keshilliveterinar.com/2020/02/07/fve-working-group-food-safety-and-sustainability-2020-2022-terms-of-reference/index.html]
[cdn.shortpixel.ai/client/q_lqip,ret_wait,w_275,h_237/https_/keshilliveterinar.com/wp-content/uploads/2019/06/cropped-stema.png]
[keshilliveterinar.com/2020/05/index.html]
[cdn.shortpixel.ai/client/q_lqip,ret_wait,w_275,h_237/https_/keshilliveterinar.com/wp-content/uploads/2019/06/cropped-stema.png]
[keshilliveterinar.com/2020/02/index.html]
[cdn.shortpixel.ai/client/q_lqip,ret_wait,w_275,h_237/https_/keshilliveterinar.com/wp-content/uploads/2019/06/cropped-stema.png]
[keshilliveterinar.com/2019/06/index.html]
[keshilliveterinar.com/category/homecat/index.html]
[keshilliveterinar.com/category/uncategorized/index.html]
[keshilliveterinar.com/wp-includes/js/jquery/jquery-migrate.min330a.js]
[keshilliveterinar.com/wp-loginc2b6.html]
[keshilliveterinar.com/wp-includes/js/zxcvbn-async.min5152.js]
[keshilliveterinar.com/wp-includes/js/underscore.min4511.js]
[keshilliveterinar.com/wp-includes/js/wp-util.min7661.js]
[keshilliveterinar.com/wp-login.html]
[keshilliveterinar.com/category/veterinaria/feed/index.html]
[keshilliveterinar.com/indexe856.html]
[keshilliveterinar.com/index9751.html]
[keshilliveterinar.com/index1c00.html]
[keshilliveterinar.com/index9b9e.html]
[keshilliveterinar.com/index2cf9.html]
[keshilliveterinar.com/indexa7ab.html]
[keshilliveterinar.com/indexc74d.html]
[keshilliveterinar.com/indexe7fb.html]
[keshilliveterinar.com/indexfe50.html]
[keshilliveterinar.com/index3f97.html]
[cdn.shortpixel.ai/client/q_lqip,ret_wait,w_275,h_237/https_/keshilliveterinar.com/wp-content/uploads/2019/06/cropped-stema.png]
[keshilliveterinar.com/wp-content/gallery/trajnimi-i-kafsheve-te-vogla-me-turkun26-05-2018/3.jpg]
[keshilliveterinar.com/wp-content/gallery/trajnimi-i-kafsheve-te-vogla-me-turkun26-05-2018/thumbs/thumbs_3.jpg]
[keshilliveterinar.com/trajnimi-i-kafsheve-te-vogla-me-turkun26-05-2018/nggallery/image/3-1/index.html]
[cdn.shortpixel.ai/client/q_lqip,ret_wait,w_275,h_237/https_/keshilliveterinar.com/wp-content/uploads/2019/06/cropped-stema.png]
[keshilliveterinar.com/trajnimi-i-kafsheve-te-vogla-me-turkun26-05-2018/nggallery/image/1-1/index.html]
[keshilliveterinar.com/indexa165.html]
[keshilliveterinar.com/wp-includes/fonts/dashicons2ce6.eot]
[keshilliveterinar.com/wp-includes/fonts/dashicons2ce6.ttf]
[keshilliveterinar.com/wp-includes/css/dashicons.min7661.css]
[keshilliveterinar.com/wp-includes/css/buttons.min7661.css]
[keshilliveterinar.com/wp-loginc2b6.html]
